<?xml version="1.0" encoding="UTF-8"?>
<testsuites name="jest tests" tests="5" failures="0" errors="0" time="2.326">
  <testsuite name="jupyterlab_math_notebook_tools" errors="0" failures="0" skipped="0" timestamp="2026-06-10T20:40:04" time="1.325" tests="5">
    <testcase classname="jupyterlab_math_notebook_tools extracts display equations in source order" name="jupyterlab_math_notebook_tools extracts display equations in source order" time="0.003">
    </testcase>
    <testcase classname="jupyterlab_math_notebook_tools does not double-count environments wrapped in display delimiters" name="jupyterlab_math_notebook_tools does not double-count environments wrapped in display delimiters" time="0.001">
    </testcase>
    <testcase classname="jupyterlab_math_notebook_tools extracts tagged eqnarray environments" name="jupyterlab_math_notebook_tools extracts tagged eqnarray environments" time="0">
    </testcase>
    <testcase classname="jupyterlab_math_notebook_tools wraps bare equation bodies for clipboard use" name="jupyterlab_math_notebook_tools wraps bare equation bodies for clipboard use" time="0.001">
    </testcase>
    <testcase classname="jupyterlab_math_notebook_tools normalizes MathJax macros from settings" name="jupyterlab_math_notebook_tools normalizes MathJax macros from settings" time="0">
    </testcase>
  </testsuite>
</testsuites>